---
source: src/lib.rs
expression: "render_to_string(&script().async_(\"\").defer(\"\").attr(\"data-domain\",\n                \"example.com\").src(\"https://plausible.io/js/plausible.js\"))"
---
"<script async defer data-domain=\"example.com\" src=\"https://plausible.io/js/plausible.js\"></script>"
