---
source: src/lib.rs
expression: html().render_to_string().unwrap()
---
"<!DOCTYPE html><html></html>"

