---
source: src/lib.rs
expression: element.render_to_string().unwrap()
---
"<div class=\"outer\"><div class=\"inner\"><h1 class=\"heading\">Hello, world!</h1></div></div>"

