---
source: src/lib.rs
expression: "render_to_string(&a().href(\"https://example.com?param=\\\"><script>alert('XSS');</script>\").child(\"Click me\"))"
---
"<a href=\"https://example.com?param=&quot;&gt;&lt;script&gt;alert(&#39;XSS&#39;);&lt;/script&gt;\">Click me</a>"

