---
source: crates/auk_markdown/src/lib.rs
expression: parse_and_render_markdown(text)
---
"<ul><li><code>One</code></li><li><code>Two</code></li><li><code>Three</code></li></ul>"

