---
source: src/lib.rs
expression: "render_to_string(&link().rel(\"preconnect\").href(\"https://fonts.gstatic.com\").crossorigin(\"\"))"
---
"<link rel=\"preconnect\" href=\"https://fonts.gstatic.com\" crossorigin>"
